// Vitest Snapshot v1

exports[`Image > render 1`] = `
"<div class=\\"van-image\\" previewimage=\\"true\\" previewoptions=\\"[object Object]\\">
  <!---->
  <div class=\\"van-image__loading\\"><i class=\\"van-badge__wrapper van-icon van-icon-photo van-image__loading-icon\\">
      <!---->
      <!---->
      <!---->
    </i></div>
  <!---->
</div>"
`;
