// Vitest Snapshot v1

exports[`Form > render 1`] = `
"<form class=\\"van-form\\" schemas=\\"\\" modelvalue=\\"[object Object]\\">
  <!---->
</form>"
`;
